
Merging object attributes


Merging program properties

Removed property 0xc0000002 to merge /usr/lib/gcc/x86_64-pc-linux-gnu/16.1.1/../../../../lib/Scrt1.o (0x3) and hello.o (not found)
Updated property 0xc0010002 (0x1) to merge /usr/lib/gcc/x86_64-pc-linux-gnu/16.1.1/../../../../lib/Scrt1.o (0x1) and /usr/lib/gcc/x86_64-pc-linux-gnu/16.1.1/crtendS.o (0x0)
Removed property 0xc0000002 to merge /usr/lib/gcc/x86_64-pc-linux-gnu/16.1.1/../../../../lib/Scrt1.o (not found) and /usr/lib/gcc/x86_64-pc-linux-gnu/16.1.1/crtendS.o (0x3)
Removed property 0xc0000002 to merge /usr/lib/gcc/x86_64-pc-linux-gnu/16.1.1/../../../../lib/Scrt1.o (not found) and /usr/lib/gcc/x86_64-pc-linux-gnu/16.1.1/../../../../lib/crtn.o (0x3)

Discarded input sections

 .note.gnu.property
                0x0000000000000000       0x50 /usr/lib/gcc/x86_64-pc-linux-gnu/16.1.1/../../../../lib/crti.o
 .note.gnu.property
                0x0000000000000000       0x50 /usr/lib/gcc/x86_64-pc-linux-gnu/16.1.1/crtbeginS.o
 .note.gnu.property
                0x0000000000000000       0x30 hello.o
 .note.gnu.property
                0x0000000000000000       0x50 /usr/lib/gcc/x86_64-pc-linux-gnu/16.1.1/crtendS.o
 .note.gnu.property
                0x0000000000000000       0x50 /usr/lib/gcc/x86_64-pc-linux-gnu/16.1.1/../../../../lib/crtn.o

Memory Configuration

Name             Origin             Length             Attributes
*default*        0x0000000000000000 0xffffffffffffffff

Linker script and memory map

LOAD /usr/lib/gcc/x86_64-pc-linux-gnu/16.1.1/../../../../lib/Scrt1.o
LOAD /usr/lib/gcc/x86_64-pc-linux-gnu/16.1.1/../../../../lib/crti.o
LOAD /usr/lib/gcc/x86_64-pc-linux-gnu/16.1.1/crtbeginS.o
LOAD hello.o
LOAD /usr/lib/gcc/x86_64-pc-linux-gnu/16.1.1/libgcc.a
LOAD /usr/lib/gcc/x86_64-pc-linux-gnu/16.1.1/../../../../lib/libgcc_s_asneeded.so
LOAD /usr/lib/gcc/x86_64-pc-linux-gnu/16.1.1/../../../../lib/libgcc_s.so
START GROUP
LOAD /usr/lib/gcc/x86_64-pc-linux-gnu/16.1.1/../../../../lib/libgcc_s.so.1
LOAD /usr/lib/gcc/x86_64-pc-linux-gnu/16.1.1/libgcc.a
END GROUP
LOAD /usr/lib/gcc/x86_64-pc-linux-gnu/16.1.1/../../../../lib/libatomic_asneeded.so
LOAD /usr/lib/gcc/x86_64-pc-linux-gnu/16.1.1/../../../../lib/libatomic.so
LOAD /usr/lib/gcc/x86_64-pc-linux-gnu/16.1.1/../../../../lib/libc.so
START GROUP
LOAD /usr/lib/libc.so.6
LOAD /usr/lib/libc_nonshared.a
LOAD /usr/lib/ld-linux-x86-64.so.2
END GROUP
LOAD /usr/lib/gcc/x86_64-pc-linux-gnu/16.1.1/libgcc.a
LOAD /usr/lib/gcc/x86_64-pc-linux-gnu/16.1.1/../../../../lib/libgcc_s_asneeded.so
LOAD /usr/lib/gcc/x86_64-pc-linux-gnu/16.1.1/../../../../lib/libgcc_s.so
START GROUP
LOAD /usr/lib/gcc/x86_64-pc-linux-gnu/16.1.1/../../../../lib/libgcc_s.so.1
LOAD /usr/lib/gcc/x86_64-pc-linux-gnu/16.1.1/libgcc.a
END GROUP
LOAD /usr/lib/gcc/x86_64-pc-linux-gnu/16.1.1/crtendS.o
LOAD /usr/lib/gcc/x86_64-pc-linux-gnu/16.1.1/../../../../lib/crtn.o
                [!provide]                        PROVIDE (__executable_start = SEGMENT_START ("text-segment", 0x0))
                0x0000000000000388                . = (SEGMENT_START ("text-segment", 0x0) + SIZEOF_HEADERS)

.note.gnu.build-id
                0x0000000000000388       0x24
 *(.note.gnu.build-id)
 .note.gnu.build-id
                0x0000000000000388       0x24 /usr/lib/gcc/x86_64-pc-linux-gnu/16.1.1/../../../../lib/Scrt1.o

.interp         0x00000000000003ac       0x1c
 *(.interp)
 .interp        0x00000000000003ac       0x1c /usr/lib/gcc/x86_64-pc-linux-gnu/16.1.1/../../../../lib/Scrt1.o

.hash
 *(.hash)

.gnu.hash       0x00000000000003c8       0x1c
 *(.gnu.hash)
 .gnu.hash      0x00000000000003c8       0x1c /usr/lib/gcc/x86_64-pc-linux-gnu/16.1.1/../../../../lib/Scrt1.o

.dynsym         0x00000000000003e8       0xa8
 *(.dynsym)
 .dynsym        0x00000000000003e8       0xa8 /usr/lib/gcc/x86_64-pc-linux-gnu/16.1.1/../../../../lib/Scrt1.o

.dynstr         0x0000000000000490       0x8f
 *(.dynstr)
 .dynstr        0x0000000000000490       0x8f /usr/lib/gcc/x86_64-pc-linux-gnu/16.1.1/../../../../lib/Scrt1.o

.gnu.version    0x0000000000000520        0xe
 *(.gnu.version)
 .gnu.version   0x0000000000000520        0xe /usr/lib/gcc/x86_64-pc-linux-gnu/16.1.1/../../../../lib/Scrt1.o

.gnu.version_d  0x0000000000000530        0x0
 *(.gnu.version_d)
 .gnu.version_d
                0x0000000000000530        0x0 /usr/lib/gcc/x86_64-pc-linux-gnu/16.1.1/../../../../lib/Scrt1.o

.gnu.version_r  0x0000000000000530       0x30
 *(.gnu.version_r)
 .gnu.version_r
                0x0000000000000530       0x30 /usr/lib/gcc/x86_64-pc-linux-gnu/16.1.1/../../../../lib/Scrt1.o

.rela.dyn       0x0000000000000560       0xc0
 *(.rela.init)
 *(.rela.text .rela.text.* .rela.gnu.linkonce.t.*)
 *(.rela.fini)
 *(.rela.rodata .rela.rodata.* .rela.gnu.linkonce.r.*)
 *(.rela.data .rela.data.* .rela.gnu.linkonce.d.*)
 .rela.data.rel.ro
                0x0000000000000560        0x0 /usr/lib/gcc/x86_64-pc-linux-gnu/16.1.1/../../../../lib/Scrt1.o
 .rela.data.rel.local
                0x0000000000000560       0x18 /usr/lib/gcc/x86_64-pc-linux-gnu/16.1.1/../../../../lib/Scrt1.o
 *(.rela.tdata .rela.tdata.* .rela.gnu.linkonce.td.*)
 *(.rela.tbss .rela.tbss.* .rela.gnu.linkonce.tb.*)
 *(.rela.ctors)
 *(.rela.dtors)
 *(.rela.got)
 .rela.got      0x0000000000000578       0x78 /usr/lib/gcc/x86_64-pc-linux-gnu/16.1.1/../../../../lib/Scrt1.o
 *(.rela.tls)
 .rela.tls      0x00000000000005f0        0x0 /usr/lib/gcc/x86_64-pc-linux-gnu/16.1.1/../../../../lib/Scrt1.o
 *(.rela.bss .rela.bss.* .rela.gnu.linkonce.b.*)
 .rela.bss      0x00000000000005f0        0x0 /usr/lib/gcc/x86_64-pc-linux-gnu/16.1.1/../../../../lib/Scrt1.o
 *(.rela.ldata .rela.ldata.* .rela.gnu.linkonce.l.*)
 *(.rela.lbss .rela.lbss.* .rela.gnu.linkonce.lb.*)
 *(.rela.lrodata .rela.lrodata.* .rela.gnu.linkonce.lr.*)
 *(.rela.ifunc)
 .rela.ifunc    0x00000000000005f0        0x0 /usr/lib/gcc/x86_64-pc-linux-gnu/16.1.1/../../../../lib/Scrt1.o
 .rela.fini_array
                0x00000000000005f0       0x18 /usr/lib/gcc/x86_64-pc-linux-gnu/16.1.1/../../../../lib/Scrt1.o
 .rela.init_array
                0x0000000000000608       0x18 /usr/lib/gcc/x86_64-pc-linux-gnu/16.1.1/../../../../lib/Scrt1.o

.rela.plt       0x0000000000000620       0x18
 *(.rela.plt)
 .rela.plt      0x0000000000000620       0x18 /usr/lib/gcc/x86_64-pc-linux-gnu/16.1.1/../../../../lib/Scrt1.o
 *(.rela.iplt)

.relr.dyn
 *(.relr.dyn)
                0x0000000000001000                . = ALIGN (CONSTANT (MAXPAGESIZE))

.init           0x0000000000001000       0x1b
 *(SORT_NONE(.init))
 .init          0x0000000000001000       0x16 /usr/lib/gcc/x86_64-pc-linux-gnu/16.1.1/../../../../lib/crti.o
                0x0000000000001000                _init
 .init          0x0000000000001016        0x5 /usr/lib/gcc/x86_64-pc-linux-gnu/16.1.1/../../../../lib/crtn.o

.plt            0x0000000000001020       0x20
 *(.plt)
 .plt           0x0000000000001020       0x20 /usr/lib/gcc/x86_64-pc-linux-gnu/16.1.1/../../../../lib/Scrt1.o
                0x0000000000001030                printf@@GLIBC_2.2.5
 *(.iplt)

.plt.got        0x0000000000001040        0x0
 *(.plt.got)
 .plt.got       0x0000000000001040        0x0 /usr/lib/gcc/x86_64-pc-linux-gnu/16.1.1/../../../../lib/Scrt1.o

.plt.sec
 *(.plt.sec)

.text           0x0000000000001040      0x122
 *(.text.unlikely .text.*_unlikely .text.unlikely.*)
 *(.text.exit .text.exit.*)
 *(.text.startup .text.startup.*)
 *(.text.hot .text.hot.*)
 *(SORT_BY_NAME(.text.sorted.*))
 *(.text .stub .text.* .gnu.linkonce.t.*)
 .text          0x0000000000001040       0x26 /usr/lib/gcc/x86_64-pc-linux-gnu/16.1.1/../../../../lib/Scrt1.o
                0x0000000000001040                _start
 .text          0x0000000000001066        0x0 /usr/lib/gcc/x86_64-pc-linux-gnu/16.1.1/../../../../lib/crti.o
 *fill*         0x0000000000001066        0xa 
 .text          0x0000000000001070       0xc9 /usr/lib/gcc/x86_64-pc-linux-gnu/16.1.1/crtbeginS.o
 .text          0x0000000000001139       0x29 hello.o
                0x0000000000001139                main
 .text          0x0000000000001162        0x0 /usr/lib/gcc/x86_64-pc-linux-gnu/16.1.1/crtendS.o
 .text          0x0000000000001162        0x0 /usr/lib/gcc/x86_64-pc-linux-gnu/16.1.1/../../../../lib/crtn.o
 *(.gnu.warning)

.fini           0x0000000000001164        0xd
 *(SORT_NONE(.fini))
 .fini          0x0000000000001164        0x8 /usr/lib/gcc/x86_64-pc-linux-gnu/16.1.1/../../../../lib/crti.o
                0x0000000000001164                _fini
 .fini          0x000000000000116c        0x5 /usr/lib/gcc/x86_64-pc-linux-gnu/16.1.1/../../../../lib/crtn.o
                [!provide]                        PROVIDE (__etext = .)
                [!provide]                        PROVIDE (_etext = .)
                [!provide]                        PROVIDE (etext = .)
                0x0000000000002000                . = ALIGN (CONSTANT (MAXPAGESIZE))
                0x0000000000002000                . = SEGMENT_START ("rodata-segment", (ALIGN (CONSTANT (MAXPAGESIZE)) + (. & (CONSTANT (MAXPAGESIZE) - 0x1))))

.rodata         0x0000000000002000       0x15
 *(.rodata .rodata.* .gnu.linkonce.r.*)
 .rodata.cst4   0x0000000000002000        0x4 /usr/lib/gcc/x86_64-pc-linux-gnu/16.1.1/../../../../lib/Scrt1.o
                0x0000000000002000                _IO_stdin_used
 .rodata        0x0000000000002004       0x11 hello.o

.rodata1
 *(.rodata1)

.eh_frame_hdr   0x0000000000002018       0x24
 *(.eh_frame_hdr)
 .eh_frame_hdr  0x0000000000002018       0x24 /usr/lib/gcc/x86_64-pc-linux-gnu/16.1.1/../../../../lib/Scrt1.o
                0x0000000000002018                __GNU_EH_FRAME_HDR
 *(.eh_frame_entry .eh_frame_entry.*)

.eh_frame       0x0000000000002040       0x7c
 *(.eh_frame)
 .eh_frame      0x0000000000002040       0x30 /usr/lib/gcc/x86_64-pc-linux-gnu/16.1.1/../../../../lib/Scrt1.o
                                         0x2c (size before relaxing)
 *fill*         0x0000000000002070        0x0 
 .eh_frame      0x0000000000002070       0x28 /usr/lib/gcc/x86_64-pc-linux-gnu/16.1.1/../../../../lib/Scrt1.o
                                         0x40 (size before relaxing)
 .eh_frame      0x0000000000002098        0x0 /usr/lib/gcc/x86_64-pc-linux-gnu/16.1.1/../../../../lib/Scrt1.o
 .eh_frame      0x0000000000002098       0x20 hello.o
                                         0x38 (size before relaxing)
 .eh_frame      0x00000000000020b8        0x4 /usr/lib/gcc/x86_64-pc-linux-gnu/16.1.1/crtendS.o
 *(.eh_frame.*)

.sframe         0x00000000000020c0       0x6c
 *(.sframe)
 .sframe        0x00000000000020c0       0x36 /usr/lib/gcc/x86_64-pc-linux-gnu/16.1.1/../../../../lib/Scrt1.o
 .sframe        0x00000000000020f6       0x52 /usr/lib/gcc/x86_64-pc-linux-gnu/16.1.1/../../../../lib/Scrt1.o
 .sframe        0x0000000000002148        0x0 /usr/lib/gcc/x86_64-pc-linux-gnu/16.1.1/../../../../lib/Scrt1.o
 *(.sframe.*)

.gcc_except_table
 *(.gcc_except_table .gcc_except_table.*)

.gnu_extab
 *(.gnu_extab*)

.exception_ranges
 *(.exception_ranges*)

.note.build-id
 *(.note.build-id)

.note.GNU-stack
                0x0000000000002148        0x0
 *(.note.GNU-stack)
 .note.GNU-stack
                0x0000000000002148        0x0 /usr/lib/gcc/x86_64-pc-linux-gnu/16.1.1/../../../../lib/Scrt1.o
 .note.GNU-stack
                0x0000000000002148        0x0 /usr/lib/gcc/x86_64-pc-linux-gnu/16.1.1/../../../../lib/crti.o
 .note.GNU-stack
                0x0000000000002148        0x0 /usr/lib/gcc/x86_64-pc-linux-gnu/16.1.1/crtbeginS.o
 .note.GNU-stack
                0x0000000000002148        0x0 hello.o
 .note.GNU-stack
                0x0000000000002148        0x0 /usr/lib/gcc/x86_64-pc-linux-gnu/16.1.1/crtendS.o
 .note.GNU-stack
                0x0000000000002148        0x0 /usr/lib/gcc/x86_64-pc-linux-gnu/16.1.1/../../../../lib/crtn.o

.note.gnu.property
                0x0000000000002148       0x40
 *(.note.gnu.property)
 .note.gnu.property
                0x0000000000002148       0x40 /usr/lib/gcc/x86_64-pc-linux-gnu/16.1.1/../../../../lib/Scrt1.o

.note.ABI-tag   0x0000000000002188       0x20
 *(.note.ABI-tag)
 .note.ABI-tag  0x0000000000002188       0x20 /usr/lib/gcc/x86_64-pc-linux-gnu/16.1.1/../../../../lib/Scrt1.o

.note.package
 *(.note.package)

.note.dlopen
 *(.note.dlopen)

.note.netbsd.ident
 *(.note.netbsd.ident)

.note.openbsd.ident
 *(.note.openbsd.ident)
                0x0000000000003dd0                . = DATA_SEGMENT_ALIGN (CONSTANT (MAXPAGESIZE), CONSTANT (COMMONPAGESIZE))

.eh_frame
 *(.eh_frame)
 *(.eh_frame.*)

.sframe
 *(.sframe)
 *(.sframe.*)

.gnu_extab
 *(.gnu_extab)

.gcc_except_table
 *(.gcc_except_table .gcc_except_table.*)

.exception_ranges
 *(.exception_ranges*)

.tdata          0x0000000000003dd0        0x0
                [!provide]                        PROVIDE (__tdata_start = .)
 *(.tdata .tdata.* .gnu.linkonce.td.*)

.tbss
 *(.tbss .tbss.* .gnu.linkonce.tb.*)
 *(.tcommon)

.preinit_array  0x0000000000003dd0        0x0
                [!provide]                        PROVIDE (__preinit_array_start = .)
 *(.preinit_array)
                [!provide]                        PROVIDE (__preinit_array_end = .)

.init_array     0x0000000000003dd0        0x8
                [!provide]                        PROVIDE (__init_array_start = .)
 *(SORT_BY_INIT_PRIORITY(.init_array.*) SORT_BY_INIT_PRIORITY(.ctors.*))
 *(.init_array EXCLUDE_FILE(*crtend?.o *crtend.o *crtbegin?.o *crtbegin.o) .ctors)
 .init_array    0x0000000000003dd0        0x8 /usr/lib/gcc/x86_64-pc-linux-gnu/16.1.1/crtbeginS.o
                [!provide]                        PROVIDE (__init_array_end = .)

.fini_array     0x0000000000003dd8        0x8
                [!provide]                        PROVIDE (__fini_array_start = .)
 *(SORT_BY_INIT_PRIORITY(.fini_array.*) SORT_BY_INIT_PRIORITY(.dtors.*))
 *(.fini_array EXCLUDE_FILE(*crtend?.o *crtend.o *crtbegin?.o *crtbegin.o) .dtors)
 .fini_array    0x0000000000003dd8        0x8 /usr/lib/gcc/x86_64-pc-linux-gnu/16.1.1/crtbeginS.o
                [!provide]                        PROVIDE (__fini_array_end = .)

.ctors
 *crtbegin.o(.ctors)
 *crtbegin?.o(.ctors)
 *(EXCLUDE_FILE(*crtend?.o *crtend.o) .ctors)
 *(SORT_BY_NAME(.ctors.*))
 *(.ctors)

.dtors
 *crtbegin.o(.dtors)
 *crtbegin?.o(.dtors)
 *(EXCLUDE_FILE(*crtend?.o *crtend.o) .dtors)
 *(SORT_BY_NAME(.dtors.*))
 *(.dtors)

.jcr
 *(.jcr)

.data.rel.ro    0x0000000000003de0        0x0
 *(.data.rel.ro.local* .gnu.linkonce.d.rel.ro.local.*)
 *(.data.rel.ro .data.rel.ro.* .gnu.linkonce.d.rel.ro.*)
 .data.rel.ro   0x0000000000003de0        0x0 /usr/lib/gcc/x86_64-pc-linux-gnu/16.1.1/../../../../lib/Scrt1.o

.dynamic        0x0000000000003de0      0x1e0
 *(.dynamic)
 .dynamic       0x0000000000003de0      0x1e0 /usr/lib/gcc/x86_64-pc-linux-gnu/16.1.1/../../../../lib/Scrt1.o
                0x0000000000003de0                _DYNAMIC

.got            0x0000000000003fc0       0x28
 *(.got)
 .got           0x0000000000003fc0       0x28 /usr/lib/gcc/x86_64-pc-linux-gnu/16.1.1/../../../../lib/Scrt1.o
 *(.igot)
                0x0000000000003fe8                . = DATA_SEGMENT_RELRO_END (., (SIZEOF (.got.plt) >= 0x18)?0x18:0x0)

.got.plt        0x0000000000003fe8       0x20
 *(.got.plt)
 .got.plt       0x0000000000003fe8       0x20 /usr/lib/gcc/x86_64-pc-linux-gnu/16.1.1/../../../../lib/Scrt1.o
                0x0000000000003fe8                _GLOBAL_OFFSET_TABLE_
 *(.igot.plt)

.data           0x0000000000004008       0x10
 *(.data .data.* .gnu.linkonce.d.*)
 .data          0x0000000000004008        0x4 /usr/lib/gcc/x86_64-pc-linux-gnu/16.1.1/../../../../lib/Scrt1.o
                0x0000000000004008                data_start
                0x0000000000004008                __data_start
 .data          0x000000000000400c        0x0 /usr/lib/gcc/x86_64-pc-linux-gnu/16.1.1/../../../../lib/crti.o
 .data          0x000000000000400c        0x0 /usr/lib/gcc/x86_64-pc-linux-gnu/16.1.1/crtbeginS.o
 *fill*         0x000000000000400c        0x4 
 .data.rel.local
                0x0000000000004010        0x8 /usr/lib/gcc/x86_64-pc-linux-gnu/16.1.1/crtbeginS.o
                0x0000000000004010                __dso_handle
 .data          0x0000000000004018        0x0 hello.o
 .data          0x0000000000004018        0x0 /usr/lib/gcc/x86_64-pc-linux-gnu/16.1.1/crtendS.o
 .data          0x0000000000004018        0x0 /usr/lib/gcc/x86_64-pc-linux-gnu/16.1.1/../../../../lib/crtn.o

.tm_clone_table
                0x0000000000004018        0x0
 .tm_clone_table
                0x0000000000004018        0x0 /usr/lib/gcc/x86_64-pc-linux-gnu/16.1.1/crtbeginS.o
 .tm_clone_table
                0x0000000000004018        0x0 /usr/lib/gcc/x86_64-pc-linux-gnu/16.1.1/crtendS.o

.data1
 *(.data1)
                0x0000000000004018                _edata = .
                [!provide]                        PROVIDE (edata = .)
                0x0000000000004018                . = ALIGN (ALIGNOF (NEXT_SECTION))
                0x0000000000004018                __bss_start = .

.bss            0x0000000000004018        0x8
 *(.dynbss)
 .dynbss        0x0000000000004018        0x0 /usr/lib/gcc/x86_64-pc-linux-gnu/16.1.1/../../../../lib/Scrt1.o
 *(.bss .bss.* .gnu.linkonce.b.*)
 .bss           0x0000000000004018        0x0 /usr/lib/gcc/x86_64-pc-linux-gnu/16.1.1/../../../../lib/Scrt1.o
 .bss           0x0000000000004018        0x0 /usr/lib/gcc/x86_64-pc-linux-gnu/16.1.1/../../../../lib/crti.o
 .bss           0x0000000000004018        0x1 /usr/lib/gcc/x86_64-pc-linux-gnu/16.1.1/crtbeginS.o
 .bss           0x0000000000004019        0x0 hello.o
 .bss           0x0000000000004019        0x0 /usr/lib/gcc/x86_64-pc-linux-gnu/16.1.1/crtendS.o
 .bss           0x0000000000004019        0x0 /usr/lib/gcc/x86_64-pc-linux-gnu/16.1.1/../../../../lib/crtn.o
 *(COMMON)
                0x0000000000004020                . = ALIGN ((. != 0x0)?0x8:0x1)
 *fill*         0x0000000000004019        0x7 

.lbss
 *(.dynlbss)
 *(.lbss .lbss.* .gnu.linkonce.lb.*)
 *(LARGE_COMMON)
                0x0000000000004020                . = ALIGN (0x8)
                0x0000000000004020                . = SEGMENT_START ("ldata-segment", .)

.lrodata
 *(.lrodata .lrodata.* .gnu.linkonce.lr.*)

.ldata          0x0000000000006020        0x0
 *(.ldata .ldata.* .gnu.linkonce.l.*)
                0x0000000000006020                . = ALIGN ((. != 0x0)?0x8:0x1)
                0x0000000000006020                . = ALIGN (0x8)
                0x0000000000004020                _end = .
                [!provide]                        PROVIDE (end = .)
                0x0000000000006020                . = DATA_SEGMENT_END (.)

.stab
 *(.stab)

.stabstr
 *(.stabstr)

.stab.excl
 *(.stab.excl)

.stab.exclstr
 *(.stab.exclstr)

.stab.index
 *(.stab.index)

.stab.indexstr
 *(.stab.indexstr)

.comment        0x0000000000000000       0x1b
 *(.comment)
 .comment       0x0000000000000000       0x1b /usr/lib/gcc/x86_64-pc-linux-gnu/16.1.1/../../../../lib/Scrt1.o
                                         0x38 (size before relaxing)
 .comment       0x000000000000001b        0x0 /usr/lib/gcc/x86_64-pc-linux-gnu/16.1.1/crtbeginS.o
                                         0x1c (size before relaxing)
 .comment       0x000000000000001b        0x0 hello.o
                                         0x1c (size before relaxing)
 .comment       0x000000000000001b        0x0 /usr/lib/gcc/x86_64-pc-linux-gnu/16.1.1/crtendS.o
                                         0x1c (size before relaxing)

.gnu.build.attributes
 *(.gnu.build.attributes .gnu.build.attributes.*)

.debug
 *(.debug)

.line
 *(.line)

.debug_srcinfo
 *(.debug_srcinfo)

.debug_sfnames
 *(.debug_sfnames)

.debug_aranges
 *(.debug_aranges)

.debug_pubnames
 *(.debug_pubnames)

.debug_info
 *(.debug_info .gnu.linkonce.wi.*)

.debug_abbrev
 *(.debug_abbrev)

.debug_line
 *(.debug_line .debug_line.* .debug_line_end)

.debug_frame
 *(.debug_frame)

.debug_str
 *(.debug_str)

.debug_loc
 *(.debug_loc)

.debug_macinfo
 *(.debug_macinfo)

.debug_weaknames
 *(.debug_weaknames)

.debug_funcnames
 *(.debug_funcnames)

.debug_typenames
 *(.debug_typenames)

.debug_varnames
 *(.debug_varnames)

.debug_pubtypes
 *(.debug_pubtypes)

.debug_ranges
 *(.debug_ranges)

.debug_addr
 *(.debug_addr)

.debug_line_str
 *(.debug_line_str)

.debug_loclists
 *(.debug_loclists)

.debug_macro
 *(.debug_macro)

.debug_names
 *(.debug_names)

.debug_rnglists
 *(.debug_rnglists)

.debug_str_offsets
 *(.debug_str_offsets)

.debug_sup
 *(.debug_sup)

.gnu.attributes
 *(.gnu.attributes)

/DISCARD/
 *(.note.GNU-stack)
 *(.gnu_debuglink)
 *(.gnu.lto_*)
 *(.gnu_object_only)
OUTPUT(hello elf64-x86-64)
